current directory: /Users/filippopoltronieri/code/progetto_di_sistemi_web_esercizi/rails/blog/vendor/bundle/ruby/3.2.0/gems/psych-5.2.6/ext/psych
/Users/filippopoltronieri/.rbenv/versions/3.2.3/bin/ruby extconf.rb
checking for yaml.h... yes
checking for yaml_get_version() in -lyaml... yes
creating Makefile

current directory: /Users/filippopoltronieri/code/progetto_di_sistemi_web_esercizi/rails/blog/vendor/bundle/ruby/3.2.0/gems/psych-5.2.6/ext/psych
make DESTDIR\= sitearchdir\=./.gem.20251023-21465-afr7ag sitelibdir\=./.gem.20251023-21465-afr7ag clean
cd libyaml && /Library/Developer/CommandLineTools/usr/bin/make clean
/bin/sh: line 0: cd: libyaml: No such file or directory
make: [clean-so] Error 1 (ignored)

current directory: /Users/filippopoltronieri/code/progetto_di_sistemi_web_esercizi/rails/blog/vendor/bundle/ruby/3.2.0/gems/psych-5.2.6/ext/psych
make DESTDIR\= sitearchdir\=./.gem.20251023-21465-afr7ag sitelibdir\=./.gem.20251023-21465-afr7ag
compiling psych.c
compiling psych_emitter.c
compiling psych_parser.c
compiling psych_to_ruby.c
compiling psych_yaml_tree.c
linking shared-object psych.bundle
ld: warning: ignoring duplicate libraries: '-lruby.3.2', '-lyaml'

current directory: /Users/filippopoltronieri/code/progetto_di_sistemi_web_esercizi/rails/blog/vendor/bundle/ruby/3.2.0/gems/psych-5.2.6/ext/psych
make DESTDIR\= sitearchdir\=./.gem.20251023-21465-afr7ag sitelibdir\=./.gem.20251023-21465-afr7ag install
/usr/bin/install -c -m 0755 psych.bundle ./.gem.20251023-21465-afr7ag

current directory: /Users/filippopoltronieri/code/progetto_di_sistemi_web_esercizi/rails/blog/vendor/bundle/ruby/3.2.0/gems/psych-5.2.6/ext/psych
make DESTDIR\= sitearchdir\=./.gem.20251023-21465-afr7ag sitelibdir\=./.gem.20251023-21465-afr7ag clean
cd libyaml && /Library/Developer/CommandLineTools/usr/bin/make clean
/bin/sh: line 0: cd: libyaml: No such file or directory
make: [clean-so] Error 1 (ignored)
