current directory: /Users/filippopoltronieri/code/progetto_di_sistemi_web_esercizi/rails/blog/vendor/bundle/ruby/3.3.0/gems/json-2.15.1/ext/json/ext/parser
/Users/filippopoltronieri/.rbenv/versions/3.3.9/bin/ruby extconf.rb
checking for rb_enc_interned_str() in ruby/encoding.h... yes
checking for rb_hash_new_capa() in ruby.h... yes
checking for rb_hash_bulk_insert() in ruby.h... yes
checking for strnlen() in string.h... yes
checking for whether -std=c99 is accepted as CFLAGS... yes
checking for arm_neon.h... yes
checking for cpuid.h... no
creating Makefile

current directory: /Users/filippopoltronieri/code/progetto_di_sistemi_web_esercizi/rails/blog/vendor/bundle/ruby/3.3.0/gems/json-2.15.1/ext/json/ext/parser
make DESTDIR\= sitearchdir\=./.gem.20251023-14544-i34mca sitelibdir\=./.gem.20251023-14544-i34mca clean

current directory: /Users/filippopoltronieri/code/progetto_di_sistemi_web_esercizi/rails/blog/vendor/bundle/ruby/3.3.0/gems/json-2.15.1/ext/json/ext/parser
make DESTDIR\= sitearchdir\=./.gem.20251023-14544-i34mca sitelibdir\=./.gem.20251023-14544-i34mca
compiling parser.c
linking shared-object json/ext/parser.bundle

current directory: /Users/filippopoltronieri/code/progetto_di_sistemi_web_esercizi/rails/blog/vendor/bundle/ruby/3.3.0/gems/json-2.15.1/ext/json/ext/parser
make DESTDIR\= sitearchdir\=./.gem.20251023-14544-i34mca sitelibdir\=./.gem.20251023-14544-i34mca install
/usr/bin/install -c -m 0755 parser.bundle ./.gem.20251023-14544-i34mca/json/ext

current directory: /Users/filippopoltronieri/code/progetto_di_sistemi_web_esercizi/rails/blog/vendor/bundle/ruby/3.3.0/gems/json-2.15.1/ext/json/ext/parser
make DESTDIR\= sitearchdir\=./.gem.20251023-14544-i34mca sitelibdir\=./.gem.20251023-14544-i34mca clean
