current directory: /Users/filippopoltronieri/code/progetto_di_sistemi_web_esercizi/rails/blog/vendor/bundle/ruby/3.2.0/gems/date-3.4.1/ext/date
/Users/filippopoltronieri/.rbenv/versions/3.2.3/bin/ruby extconf.rb
checking for rb_category_warn()... yes
checking for timezone in time.h with  -Werror... yes
checking for altzone in time.h with  -Werror... no
creating Makefile

current directory: /Users/filippopoltronieri/code/progetto_di_sistemi_web_esercizi/rails/blog/vendor/bundle/ruby/3.2.0/gems/date-3.4.1/ext/date
make DESTDIR\= sitearchdir\=./.gem.20251023-21465-6c1sy5 sitelibdir\=./.gem.20251023-21465-6c1sy5 clean

current directory: /Users/filippopoltronieri/code/progetto_di_sistemi_web_esercizi/rails/blog/vendor/bundle/ruby/3.2.0/gems/date-3.4.1/ext/date
make DESTDIR\= sitearchdir\=./.gem.20251023-21465-6c1sy5 sitelibdir\=./.gem.20251023-21465-6c1sy5
compiling date_core.c
compiling date_parse.c
compiling date_strftime.c
compiling date_strptime.c
linking shared-object date_core.bundle
ld: warning: ignoring duplicate libraries: '-lruby.3.2'

current directory: /Users/filippopoltronieri/code/progetto_di_sistemi_web_esercizi/rails/blog/vendor/bundle/ruby/3.2.0/gems/date-3.4.1/ext/date
make DESTDIR\= sitearchdir\=./.gem.20251023-21465-6c1sy5 sitelibdir\=./.gem.20251023-21465-6c1sy5 install
/usr/bin/install -c -m 0755 date_core.bundle ./.gem.20251023-21465-6c1sy5

current directory: /Users/filippopoltronieri/code/progetto_di_sistemi_web_esercizi/rails/blog/vendor/bundle/ruby/3.2.0/gems/date-3.4.1/ext/date
make DESTDIR\= sitearchdir\=./.gem.20251023-21465-6c1sy5 sitelibdir\=./.gem.20251023-21465-6c1sy5 clean
