current directory: /Users/filippopoltronieri/code/progetto_di_sistemi_web_esercizi/rails/blog/vendor/bundle/ruby/3.2.0/gems/rbs-3.9.5/ext/rbs_extension
/Users/filippopoltronieri/.rbenv/versions/3.2.3/bin/ruby extconf.rb
checking for whether -std=gnu99 is accepted as CFLAGS... yes
creating Makefile

current directory: /Users/filippopoltronieri/code/progetto_di_sistemi_web_esercizi/rails/blog/vendor/bundle/ruby/3.2.0/gems/rbs-3.9.5/ext/rbs_extension
make DESTDIR\= sitearchdir\=./.gem.20251023-21465-5ue647 sitelibdir\=./.gem.20251023-21465-5ue647 clean

current directory: /Users/filippopoltronieri/code/progetto_di_sistemi_web_esercizi/rails/blog/vendor/bundle/ruby/3.2.0/gems/rbs-3.9.5/ext/rbs_extension
make DESTDIR\= sitearchdir\=./.gem.20251023-21465-5ue647 sitelibdir\=./.gem.20251023-21465-5ue647
compiling ./../../src/constants.c
compiling ./../../src/ruby_objs.c
compiling ./../../src/util/rbs_constant_pool.c
compiling lexer.c
compiling lexstate.c
compiling location.c
compiling main.c
compiling parser.c
compiling parserstate.c
compiling unescape.c
linking shared-object rbs_extension.bundle
ld: warning: ignoring duplicate libraries: '-lruby.3.2'

current directory: /Users/filippopoltronieri/code/progetto_di_sistemi_web_esercizi/rails/blog/vendor/bundle/ruby/3.2.0/gems/rbs-3.9.5/ext/rbs_extension
make DESTDIR\= sitearchdir\=./.gem.20251023-21465-5ue647 sitelibdir\=./.gem.20251023-21465-5ue647 install
/usr/bin/install -c -m 0755 rbs_extension.bundle ./.gem.20251023-21465-5ue647

current directory: /Users/filippopoltronieri/code/progetto_di_sistemi_web_esercizi/rails/blog/vendor/bundle/ruby/3.2.0/gems/rbs-3.9.5/ext/rbs_extension
make DESTDIR\= sitearchdir\=./.gem.20251023-21465-5ue647 sitelibdir\=./.gem.20251023-21465-5ue647 clean
